// Jest Snapshot v1, https://goo.gl/fbAQLP

exports[`BeerDrawer should not render if no ID 1`] = `<DocumentFragment />`;
